
2024-08-06 11:20:53 Demo  started
2024-08-06 11:21:55 Demo  ended
2024-08-06 12:20:26 Demo  started
2024-08-06 12:21:28 Demo  ended
2024-08-06 12:21:32 walking started
2024-08-06 12:31:35 walking ended
2024-08-06 12:31:35 coding started
2024-08-06 12:32:22 coding ended
